brand_id,Dataset_Type,Country,Dataset_Name,first_column,first_column_label,second_column,second_column_label,third_column_x,third_column_label,fourth_column_x,fourth_column_label,date,Impressions Analyzed (unfiltered),Impressions Analyzed,Valid Impressions,2 Sec In-View Impressions,5 Sec In-View Impressions,Valid and Viewable Impressions,Valid and Fully On-Screen Measurable Impressions,In-View Time > 5 Sec Impressions,Reached 1st Quartile Sum,Reached 2nd Quartile Sum,Reached 3rd Quartile Sum,Reached Complete Sum,Audible On Complete Sum,Visible On Completion Sum,Audible and Visible on Complete Sum,Audible and Fully On-Screen for Half of Duration Impressions,Moat Video Score
abc,xyz,UK,pqr,1,l1,2,l2,3,l3,4,opid_string_latest,12/31/9999,def,ghi,40,51,99,72,83,2,48,72,36,98,96,94,94,98,96
